
Running 1 test using 1 worker

(node:58082) Warning: The 'NO_COLOR' env is ignored due to the 'FORCE_COLOR' env being set.
(Use `node --trace-warnings ...` to show where the warning was created)
(node:58082) Warning: The 'NO_COLOR' env is ignored due to the 'FORCE_COLOR' env being set.
(Use `node --trace-warnings ...` to show where the warning was created)
🚀 Starting text response generation test...
📸 Screenshot 1: Homepage loaded
📸 Screenshot 2: Brief Section visible
📝 Loading sample brief...
📸 Screenshot 3: Sample loaded
📸 Screenshot 5: Form area visible
🔍 Looking for text response button...
✅ Found text response button
🎯 Clicking text response button...
📸 Screenshot 7: Processing started
⏳ AI processing in progress...
⚠️ Loading indicator did not disappear within timeout
📸 Screenshot 8: After processing
⏳ Waiting for navigation to response page...
❌ Failed to navigate to response page
  ✘  1 [chromium] › tests/text-response.spec.ts:4:7 › Text Response Generation › complete flow from brief to text response (1.4m)


  1) [chromium] › tests/text-response.spec.ts:4:7 › Text Response Generation › complete flow from brief to text response 

    Error: Did not navigate to response page

      157 |         fullPage: true 
      158 |       });
    > 159 |       throw new Error('Did not navigate to response page');
          |             ^
      160 |     }
      161 |
      162 |     await page.waitForLoadState('networkidle');
        at /Users/JackEllis/Pretty Presentations/tests/text-response.spec.ts:159:13

    attachment #1: screenshot (image/png) ──────────────────────────────────────────────────────────
    test-results/text-response-Text-Respons-b0191-from-brief-to-text-response-chromium/test-failed-1.png
    ────────────────────────────────────────────────────────────────────────────────────────────────

    Error Context: test-results/text-response-Text-Respons-b0191-from-brief-to-text-response-chromium/error-context.md

  1 failed
    [chromium] › tests/text-response.spec.ts:4:7 › Text Response Generation › complete flow from brief to text response 

  Serving HTML report at http://localhost:51891. Press Ctrl+C to quit.
